11:12:09 **** Incremental Build of configuration Debug for project lab2_simple ****
make pre-build main-build 
a9-linaro-pre-build-step
' '
'Building target: lab2_simple.elf'
'Invoking: ARM v7 gcc linker'
arm-none-eabi-gcc -mcpu=cortex-a9 -mfpu=vfpv3 -mfloat-abi=hard -Wl,-build-id=none -specs=Xilinx.spec -Wl,-T -Wl,../src/lscript.ld -L../../lab2_simple_bsp/ps7_cortexa9_0/lib -o "lab2_simple.elf"  ./src/lab2.o ./src/platform.o   -Wl,--start-group,-lxil,-lgcc,-lc,--end-group
'Finished building target: lab2_simple.elf'
' '
'Invoking: ARM v7 Print Size'
arm-none-eabi-size lab2_simple.elf  |tee "lab2_simple.elf.size"
   text	   data	    bss	    dec	    hex	filename
  25960	   1188	  22584	  49732	   c244	lab2_simple.elf
'Finished building: lab2_simple.elf.size'
' '

11:12:10 Build Finished (took 795ms)

